Archive member included because of file (symbol)

/home/innoted/yocto/cross_tools/sabredl/usr/lib/gcc/arm-buildroot-linux-uclibcgnueabi/4.9.3/libgcc.a(_udivsi3.o)
                              arch/arm/cpu/armv7/built-in.o (__aeabi_uidiv)
/home/innoted/yocto/cross_tools/sabredl/usr/lib/gcc/arm-buildroot-linux-uclibcgnueabi/4.9.3/libgcc.a(_divsi3.o)
                              cmd/built-in.o (__aeabi_idiv)
/home/innoted/yocto/cross_tools/sabredl/usr/lib/gcc/arm-buildroot-linux-uclibcgnueabi/4.9.3/libgcc.a(_lshrdi3.o)
                              fs/built-in.o (__aeabi_llsr)
/home/innoted/yocto/cross_tools/sabredl/usr/lib/gcc/arm-buildroot-linux-uclibcgnueabi/4.9.3/libgcc.a(_ashldi3.o)
                              drivers/mmc/built-in.o (__aeabi_llsl)
/home/innoted/yocto/cross_tools/sabredl/usr/lib/gcc/arm-buildroot-linux-uclibcgnueabi/4.9.3/libgcc.a(_dvmd_lnx.o)
                              /home/innoted/yocto/cross_tools/sabredl/usr/lib/gcc/arm-buildroot-linux-uclibcgnueabi/4.9.3/libgcc.a(_udivsi3.o) (__aeabi_idiv0)

Discarded input sections

 .data          0x0000000000000000        0x0 arch/arm/cpu/armv7/start.o
 .bss           0x0000000000000000        0x0 arch/arm/cpu/armv7/start.o
 .text.v7_outer_cache_enable
                0x0000000000000000        0x4 arch/arm/cpu/armv7/built-in.o
 .text.v7_outer_cache_disable
                0x0000000000000000        0x4 arch/arm/cpu/armv7/built-in.o
 .text.v7_outer_cache_flush_all
                0x0000000000000000        0x4 arch/arm/cpu/armv7/built-in.o
 .text.v7_outer_cache_inval_all
                0x0000000000000000        0x4 arch/arm/cpu/armv7/built-in.o
 .text.v7_outer_cache_flush_range
                0x0000000000000000        0x4 arch/arm/cpu/armv7/built-in.o
 .text.v7_outer_cache_inval_range
                0x0000000000000000        0x4 arch/arm/cpu/armv7/built-in.o
 .text.v7_arch_cp15_set_l2aux_ctrl
                0x0000000000000000        0x8 arch/arm/cpu/armv7/built-in.o
 .text.v7_arch_cp15_set_acr
                0x0000000000000000        0x8 arch/arm/cpu/armv7/built-in.o
 .text.sdelay   0x0000000000000000        0xc arch/arm/cpu/armv7/built-in.o
 .text.wait_on_value
                0x0000000000000000       0x34 arch/arm/cpu/armv7/built-in.o
 .text.enable_enet_clk
                0x0000000000000000       0x48 arch/arm/cpu/armv7/built-in.o
 .text.enable_uart_clk
                0x0000000000000000       0x4c arch/arm/cpu/armv7/built-in.o
 .text.enable_usdhc_clk
                0x0000000000000000       0x4c arch/arm/cpu/armv7/built-in.o
 .text.enable_spi_clk
                0x0000000000000000       0x44 arch/arm/cpu/armv7/built-in.o
 .text.enable_fec_anatop_clock
                0x0000000000000000       0xe4 arch/arm/cpu/armv7/built-in.o
 .data          0x0000000000000000        0x0 arch/arm/cpu/armv7/built-in.o
 .bss           0x0000000000000000        0x0 arch/arm/cpu/armv7/built-in.o
 .text          0x0000000000000000        0x0 arch/arm/imx-common/built-in.o
 .text.get_imx_reset_cause
                0x0000000000000000       0x10 arch/arm/imx-common/built-in.o
 .text.set_chipselect_size
                0x0000000000000000       0x84 arch/arm/imx-common/built-in.o
 .text.mxs_wait_mask_set
                0x0000000000000000       0x40 arch/arm/imx-common/built-in.o
 .text.mxs_wait_mask_clr
                0x0000000000000000       0x3c arch/arm/imx-common/built-in.o
 .text.mxs_reset_block
                0x0000000000000000       0x90 arch/arm/imx-common/built-in.o
 .data          0x0000000000000000        0x0 arch/arm/imx-common/built-in.o
 .bss           0x0000000000000000        0x0 arch/arm/imx-common/built-in.o
 .text.reset_misc
                0x0000000000000000        0x4 arch/arm/lib/built-in.o
 .text.enable_caches
                0x0000000000000000        0xc arch/arm/lib/built-in.o
 .text.invalidate_dcache_range
                0x0000000000000000        0x4 arch/arm/lib/built-in.o
 .text.flush_dcache_range
                0x0000000000000000        0x4 arch/arm/lib/built-in.o
 .text.flush_dcache_all
                0x0000000000000000        0xc arch/arm/lib/built-in.o
 .text.arm_init_before_mmu
                0x0000000000000000        0x4 arch/arm/lib/built-in.o
 .text.mmu_page_table_flush
                0x0000000000000000        0x4 arch/arm/lib/built-in.o
 .rodata.pl310  0x0000000000000000        0x4 arch/arm/lib/built-in.o
 .data          0x0000000000000000        0x0 arch/arm/lib/built-in.o
 .__secure_start
                0x0000000000000000        0x0 arch/arm/lib/built-in.o
 .__secure_end  0x0000000000000000        0x0 arch/arm/lib/built-in.o
 .bss           0x0000000000000000        0x0 arch/arm/lib/built-in.o
 .text          0x0000000000000000        0x0 board/freescale/common/built-in.o
 .data          0x0000000000000000        0x0 board/freescale/common/built-in.o
 .bss           0x0000000000000000        0x0 board/freescale/common/built-in.o
 .text          0x0000000000000000        0x0 board/freescale/mx6sabresd/built-in.o
[...]
Memory Configuration

Name             Origin             Length             Attributes
*default*        0x0000000000000000 0xffffffffffffffff

Linker script and memory map

Address of section .text set to 0x17800000
                0x0000000000000000                . = 0x0
                0x0000000000000000                . = ALIGN (0x4)

.text           0x0000000017800000    0x4a204
 *(.__image_copy_start)
 .__image_copy_start
                0x0000000017800000        0x0 arch/arm/lib/built-in.o
                0x0000000017800000                __image_copy_start
 *(.vectors)
 .vectors       0x0000000017800000      0x300 arch/arm/lib/built-in.o
                0x0000000017800000                _start
                0x0000000017800020                _undefined_instruction
                0x0000000017800024                _software_interrupt
                0x0000000017800028                _prefetch_abort
                0x000000001780002c                _data_abort
                0x0000000017800030                _not_used
                0x0000000017800034                _irq
                0x0000000017800038                _fiq
                0x0000000017800040                IRQ_STACK_START_IN
 arch/arm/cpu/armv7/start.o(.text*)
 .text          0x0000000017800300       0xe0 arch/arm/cpu/armv7/start.o
                0x0000000017800300                reset
                0x0000000017800304                save_boot_params_ret
                0x0000000017800340                c_runtime_cpu_setup
                0x0000000017800350                save_boot_params
                0x0000000017800354                cpu_init_cp15
                0x00000000178003d8                cpu_init_crit
 *(.text*)
 .text          0x00000000178003e0       0x24 arch/arm/cpu/armv7/built-in.o
                0x00000000178003e0                lowlevel_init
 .text.v7_maint_dcache_all
                0x0000000017800404       0xcc arch/arm/cpu/armv7/built-in.o
 .text.invalidate_icache_all
                0x00000000178004d0       0x18 arch/arm/cpu/armv7/built-in.o
                0x00000000178004d0                invalidate_icache_all
 .text.flush_dcache_all
                0x00000000178004e8       0x14 arch/arm/cpu/armv7/built-in.o
                0x00000000178004e8                flush_dcache_all
 .text.invalidate_dcache_all
                0x00000000178004fc       0x14 arch/arm/cpu/armv7/built-in.o
                0x00000000178004fc                invalidate_dcache_all
 .text.arm_init_before_mmu
                0x0000000017800510       0x28 arch/arm/cpu/armv7/built-in.o
                0x0000000017800510                arm_init_before_mmu
 .text.flush_dcache_range
                0x0000000017800538       0x38 arch/arm/cpu/armv7/built-in.o
                0x0000000017800538                flush_dcache_range
 .text.mmu_page_table_flush
                0x0000000017800570       0x24 arch/arm/cpu/armv7/built-in.o
                0x0000000017800570                mmu_page_table_flush
 .text.invalidate_dcache_range
                0x0000000017800594       0xa8 arch/arm/cpu/armv7/built-in.o
                0x0000000017800594                invalidate_dcache_range
 .text.cpu_cache_initialization
                0x000000001780063c        0x4 arch/arm/cpu/armv7/built-in.o
                0x000000001780063c                cpu_cache_initialization
 .text.cleanup_before_linux_select
                0x0000000017800640       0x4c arch/arm/cpu/armv7/built-in.o
                0x0000000017800640                cleanup_before_linux_select
 .text.cleanup_before_linux
                0x000000001780068c        0x8 arch/arm/cpu/armv7/built-in.o
                0x000000001780068c                cleanup_before_linux
 .text.get_nr_cpus
                0x0000000017800694       0x10 arch/arm/cpu/armv7/built-in.o
                0x0000000017800694                get_nr_cpus
 .text.get_cpu_rev
                0x00000000178006a4       0x90 arch/arm/cpu/armv7/built-in.o
                0x00000000178006a4                get_cpu_rev
 .text.get_cpu_speed_grade_hz
                0x0000000017800734       0xb0 arch/arm/cpu/armv7/built-in.o
                0x0000000017800734                get_cpu_speed_grade_hz
 .text.get_cpu_temp_grade
                0x00000000178007e4       0x68 arch/arm/cpu/armv7/built-in.o
                0x00000000178007e4                get_cpu_temp_grade
 .text.get_board_rev
                0x000000001780084c       0x30 arch/arm/cpu/armv7/built-in.o
                0x000000001780084c                get_board_rev
 .text.arch_cpu_init
                0x000000001780087c       0x94 arch/arm/cpu/armv7/built-in.o
                0x000000001780087c                arch_cpu_init
 .text.board_postclk_init
                0x0000000017800910       0x50 arch/arm/cpu/armv7/built-in.o
                0x0000000017800910                board_postclk_init
 .text.imx_get_mac_from_fuse
                0x0000000017800960       0x3c arch/arm/cpu/armv7/built-in.o
                0x0000000017800960                imx_get_mac_from_fuse
 .text.reset_misc
                0x000000001780099c        0x4 arch/arm/cpu/armv7/built-in.o
                0x000000001780099c                reset_misc
 .text.s_init   0x00000000178009a0       0x88 arch/arm/cpu/armv7/built-in.o
                0x00000000178009a0                s_init
 .text.imx_enable_hdmi_phy
                0x0000000017800a28       0x4c arch/arm/cpu/armv7/built-in.o
                0x0000000017800a28                imx_enable_hdmi_phy
 .text.imx_setup_hdmi
                0x0000000017800a74       0x38 arch/arm/cpu/armv7/built-in.o
                0x0000000017800a74                imx_setup_hdmi
 .text.get_ipg_clk
                0x0000000017800aac       0x28 arch/arm/cpu/armv7/built-in.o
 .text.get_uart_clk
                0x0000000017800ad4       0xb8 arch/arm/cpu/armv7/built-in.o
 .text.mxc_get_pll_pfd
                0x0000000017800b8c       0xbc arch/arm/cpu/armv7/built-in.o
 .text.get_usdhc_clk
                0x0000000017800c48       0x90 arch/arm/cpu/armv7/built-in.o
 .text.enable_ocotp_clk
                0x0000000017800cd8       0x24 arch/arm/cpu/armv7/built-in.o
                0x0000000017800cd8                enable_ocotp_clk
 .text.enable_usboh3_clk
                0x0000000017800cfc       0x24 arch/arm/cpu/armv7/built-in.o
                0x0000000017800cfc                enable_usboh3_clk
 .text.enable_i2c_clk
                0x0000000017800d20       0xa8 arch/arm/cpu/armv7/built-in.o
                0x0000000017800d20                enable_i2c_clk
 .text.get_periph_clk
                0x0000000017800dc8       0xdc arch/arm/cpu/armv7/built-in.o
                0x0000000017800dc8                get_periph_clk
 .text.get_axi_clk
                0x0000000017800ea4       0x4c arch/arm/cpu/armv7/built-in.o
 .text.imx_get_uartclk
                0x0000000017800ef0        0x4 arch/arm/cpu/armv7/built-in.o
                0x0000000017800ef0                imx_get_uartclk
 .text.enable_pcie_clock
                0x0000000017800ef4       0xb8 arch/arm/cpu/armv7/built-in.o
                0x0000000017800ef4                enable_pcie_clock
 .text.enable_thermal_clk
                0x0000000017800fac       0x48 arch/arm/cpu/armv7/built-in.o
                0x0000000017800fac                enable_thermal_clk
 .text.mxc_get_clock
                0x0000000017800ff4      0x448 arch/arm/cpu/armv7/built-in.o
                0x0000000017800ff4                mxc_get_clock
 .text.imx_get_fecclk
                0x000000001780143c        0x8 arch/arm/cpu/armv7/built-in.o
                0x000000001780143c                imx_get_fecclk
 .text.do_mx6_showclocks
                0x0000000017801444      0x24c arch/arm/cpu/armv7/built-in.o
                0x0000000017801444                do_mx6_showclocks
 .text.enable_ipu_clock
                0x0000000017801690       0x58 arch/arm/cpu/armv7/built-in.o
                0x0000000017801690                enable_ipu_clock
 .text.cpu_reset
                0x00000000178016e8       0x28 arch/arm/cpu/armv7/built-in.o
                0x00000000178016e8                cpu_reset
 .text.cpu_status
                0x0000000017801710       0x40 arch/arm/cpu/armv7/built-in.o
                0x0000000017801710                cpu_status
 .text.cpu_release
                0x0000000017801750       0x80 arch/arm/cpu/armv7/built-in.o
                0x0000000017801750                cpu_release
 .text.is_core_valid
                0x00000000178017d0       0x1c arch/arm/cpu/armv7/built-in.o
                0x00000000178017d0                is_core_valid
 .text.cpu_disable
                0x00000000178017ec       0x28 arch/arm/cpu/armv7/built-in.o
                0x00000000178017ec                cpu_disable
 .text.imx_iomux_v3_setup_pad
                0x0000000017801814       0xd0 arch/arm/imx-common/built-in.o
                0x0000000017801814                imx_iomux_v3_setup_pad
 .text.imx_iomux_v3_setup_multiple_pads
                0x00000000178018e4       0x2c arch/arm/imx-common/built-in.o
                0x00000000178018e4                imx_iomux_v3_setup_multiple_pads
 .text.imx_iomux_set_gpr_register
                0x0000000017801910       0x3c arch/arm/imx-common/built-in.o
                0x0000000017801910                imx_iomux_set_gpr_register
 .text.timer_init
                0x000000001780194c      0x128 arch/arm/imx-common/built-in.o
                0x000000001780194c                timer_init
 .text.timer_read_counter
                0x0000000017801a74       0x10 arch/arm/imx-common/built-in.o
                0x0000000017801a74                timer_read_counter
 .text.get_tbclk
                0x0000000017801a84       0x90 arch/arm/imx-common/built-in.o
                0x0000000017801a84                get_tbclk
 .text.imx_ddr_size
                0x0000000017801b14       0x64 arch/arm/imx-common/built-in.o
                0x0000000017801b14                imx_ddr_size
 .text.get_imx_type
                0x0000000017801b78       0x20 arch/arm/imx-common/built-in.o
                0x0000000017801b78                get_imx_type
 .text.print_cpuinfo
                0x0000000017801b98      0x224 arch/arm/imx-common/built-in.o
                0x0000000017801b98                print_cpuinfo
 .text.cpu_eth_init
                0x0000000017801dbc        0x4 arch/arm/imx-common/built-in.o
                0x0000000017801dbc                cpu_eth_init
 .text.cpu_mmc_init
                0x0000000017801dc0        0x4 arch/arm/imx-common/built-in.o
                0x0000000017801dc0                cpu_mmc_init
 .text.get_ahb_clk
                0x0000000017801dc4       0x24 arch/arm/imx-common/built-in.o
                0x0000000017801dc4                get_ahb_clk
 .text.arch_preboot_os
                0x0000000017801de8        0x4 arch/arm/imx-common/built-in.o
                0x0000000017801de8                arch_preboot_os
 .text.get_clocks
                0x0000000017801dec       0x1c arch/arm/imx-common/built-in.o
                0x0000000017801dec                get_clocks
 .text.force_idle_bus
                0x0000000017801e08      0x124 arch/arm/imx-common/built-in.o
                0x0000000017801e08                force_idle_bus
 .text.setup_i2c
                0x0000000017801f2c       0xe4 arch/arm/imx-common/built-in.o
                0x0000000017801f2c                setup_i2c
 .text.enable_caches
                0x0000000017802010       0x34 arch/arm/imx-common/built-in.o
                0x0000000017802010                enable_caches
 .text.v7_outer_cache_enable
                0x0000000017802044       0x58 arch/arm/imx-common/built-in.o
                0x0000000017802044                v7_outer_cache_enable
 .text.v7_outer_cache_disable
                0x000000001780209c       0x18 arch/arm/imx-common/built-in.o
                0x000000001780209c                v7_outer_cache_disable
 .text.init_aips
                0x00000000178020b4       0xb0 arch/arm/imx-common/built-in.o
                0x00000000178020b4                init_aips
 .text.imx_set_wdog_powerdown
                0x0000000017802164       0x80 arch/arm/imx-common/built-in.o
                0x0000000017802164                imx_set_wdog_powerdown
 .text.init_src
                0x00000000178021e4       0x18 arch/arm/imx-common/built-in.o
                0x00000000178021e4                init_src
 .text.boot_mode_apply
                0x00000000178021fc       0x24 arch/arm/imx-common/built-in.o
                0x00000000178021fc                boot_mode_apply
 .text.board_video_skip
                0x0000000017802220      0x170 arch/arm/imx-common/built-in.o
                0x0000000017802220                board_video_skip
 .text.detect_hdmi
                0x0000000017802390       0x18 arch/arm/imx-common/built-in.o
                0x0000000017802390                detect_hdmi
 .text.create_usage
                0x00000000178023a8       0xa0 arch/arm/imx-common/built-in.o
 .text.do_boot_mode
                0x0000000017802448       0xd4 arch/arm/imx-common/built-in.o
 .text.add_board_boot_modes
                0x000000001780251c       0x60 arch/arm/imx-common/built-in.o
                0x000000001780251c                add_board_boot_modes
 .text          0x000000001780257c       0x90 arch/arm/lib/built-in.o
                0x000000001780257c                _main
 .text.relocate_vectors
                0x000000001780260c       0x70 arch/arm/lib/built-in.o
                0x000000001780260c                relocate_vectors
                0x0000000017802618                relocate_code
 .text.arch_fixup_fdt
                0x000000001780267c       0x38 arch/arm/lib/built-in.o
                0x000000001780267c                arch_fixup_fdt
 .text.boot_jump_linux
                0x00000000178026b4       0xc4 arch/arm/lib/built-in.o
 .text.arch_lmb_reserve
                0x0000000017802778       0x24 arch/arm/lib/built-in.o
                0x0000000017802778                arch_lmb_reserve
 .text.setup_board_tags
                0x000000001780279c        0x4 arch/arm/lib/built-in.o
                0x000000001780279c                setup_board_tags
 .text.boot_prep_linux
                0x00000000178027a0      0x1dc arch/arm/lib/built-in.o
 .text.do_bootm_linux
                0x000000001780297c       0x5c arch/arm/lib/built-in.o
                0x000000001780297c                do_bootm_linux
 .text.bootz_setup
                0x00000000178029d8       0x60 arch/arm/lib/built-in.o
                0x00000000178029d8                bootz_setup
 .text.boot_prep_vxworks
                0x0000000017802a38       0x50 arch/arm/lib/built-in.o
                0x0000000017802a38                boot_prep_vxworks
 .text.boot_jump_vxworks
                0x0000000017802a88        0xc arch/arm/lib/built-in.o
                0x0000000017802a88                boot_jump_vxworks
 .text.pl310_background_op_all_ways
                0x0000000017802a94       0x38 arch/arm/lib/built-in.o
 .text.v7_outer_cache_inval_all
                0x0000000017802acc        0xc arch/arm/lib/built-in.o
                0x0000000017802acc                v7_outer_cache_inval_all
 .text.v7_outer_cache_flush_all
                0x0000000017802ad8        0xc arch/arm/lib/built-in.o
                0x0000000017802ad8                v7_outer_cache_flush_all
 .text.v7_outer_cache_flush_range
                0x0000000017802ae4       0x30 arch/arm/lib/built-in.o
                0x0000000017802ae4                v7_outer_cache_flush_range
 .text.v7_outer_cache_inval_range
                0x0000000017802b14       0x80 arch/arm/lib/built-in.o
                0x0000000017802b14                v7_outer_cache_inval_range
 .text.arch_reserve_stacks
                0x0000000017802b94       0x1c arch/arm/lib/built-in.o
                0x0000000017802b94                arch_reserve_stacks
 .text.interrupt_init
                0x0000000017802bb0       0x1c arch/arm/lib/built-in.o
                0x0000000017802bb0                interrupt_init
 .text.enable_interrupts
                0x0000000017802bcc        0x4 arch/arm/lib/built-in.o
                0x0000000017802bcc                enable_interrupts
 .text.disable_interrupts
                0x0000000017802bd0        0x8 arch/arm/lib/built-in.o
                0x0000000017802bd0                disable_interrupts
 .text.bad_mode
                0x0000000017802bd8       0x10 arch/arm/lib/built-in.o
                0x0000000017802bd8                bad_mode
 .text.show_regs
                0x0000000017802be8      0x174 arch/arm/lib/built-in.o
                0x0000000017802be8                show_regs
 .text.do_undefined_instruction
                0x0000000017802d5c       0x20 arch/arm/lib/built-in.o
                0x0000000017802d5c                do_undefined_instruction
 .text.do_software_interrupt
                0x0000000017802d7c       0x20 arch/arm/lib/built-in.o
                0x0000000017802d7c                do_software_interrupt
 .text.do_prefetch_abort
                0x0000000017802d9c       0x20 arch/arm/lib/built-in.o
                0x0000000017802d9c                do_prefetch_abort
 .text.do_data_abort
                0x0000000017802dbc       0x20 arch/arm/lib/built-in.o
                0x0000000017802dbc                do_data_abort
 .text.do_not_used
                0x0000000017802ddc       0x20 arch/arm/lib/built-in.o
                0x0000000017802ddc                do_not_used
 .text.do_fiq   0x0000000017802dfc       0x20 arch/arm/lib/built-in.o
                0x0000000017802dfc                do_fiq
 .text.do_irq   0x0000000017802e1c       0x20 arch/arm/lib/built-in.o
                0x0000000017802e1c                do_irq
 .text.do_reset
                0x0000000017802e3c       0x30 arch/arm/lib/built-in.o
                0x0000000017802e3c                do_reset
 .text.flush_cache
                0x0000000017802e6c        0x8 arch/arm/lib/built-in.o
                0x0000000017802e6c                flush_cache
 .text.cp_delay
                0x0000000017802e74       0x30 arch/arm/lib/built-in.o
 .text.arm_init_domains
                0x0000000017802ea4        0x4 arch/arm/lib/built-in.o
                0x0000000017802ea4                arm_init_domains
 .text.set_section_dcache
                0x0000000017802ea8       0x14 arch/arm/lib/built-in.o
                0x0000000017802ea8                set_section_dcache
 .text.mmu_set_region_dcache_behaviour
                0x0000000017802ebc       0x50 arch/arm/lib/built-in.o
                0x0000000017802ebc                mmu_set_region_dcache_behaviour
 .text.dram_bank_mmu_setup
                0x0000000017802f0c       0x44 arch/arm/lib/built-in.o
                0x0000000017802f0c                dram_bank_mmu_setup
 .text.icache_enable
                0x0000000017802f50       0x18 arch/arm/lib/built-in.o
                0x0000000017802f50                icache_enable
 .text.icache_disable
                0x0000000017802f68       0x20 arch/arm/lib/built-in.o
                0x0000000017802f68                icache_disable
 .text.icache_status
                0x0000000017802f88        0xc arch/arm/lib/built-in.o
                0x0000000017802f88                icache_status
 .text.dcache_enable
                0x0000000017802f94       0x78 arch/arm/lib/built-in.o
                0x0000000017802f94                dcache_enable
 .text.dcache_disable
                0x000000001780300c       0x2c arch/arm/lib/built-in.o
                0x000000001780300c                dcache_disable
 .text.dcache_status
                0x0000000017803038        0xc arch/arm/lib/built-in.o
                0x0000000017803038                dcache_status
 .text.pfuze_mode_init
                0x0000000017803044       0xd4 board/freescale/common/built-in.o
                0x0000000017803044                pfuze_mode_init
 .text.pfuze_common_init
                0x0000000017803118      0x10c board/freescale/common/built-in.o
                0x0000000017803118                pfuze_common_init
 .text.enable_lvds
                0x0000000017803224       0x14 board/freescale/mx6sabresd/built-in.o
 .text.enable_rgb
                0x0000000017803238       0x24 board/freescale/mx6sabresd/built-in.o
 .text.do_enable_hdmi
                0x000000001780325c       0x18 board/freescale/mx6sabresd/built-in.o
 .text.dram_init
                0x0000000017803274       0x18 board/freescale/mx6sabresd/built-in.o
                0x0000000017803274                dram_init
 .text.board_mmc_getcd
                0x000000001780328c       0x60 board/freescale/mx6sabresd/built-in.o
                0x000000001780328c                board_mmc_getcd
 .text.board_mmc_init
                0x00000000178032ec       0xb8 board/freescale/mx6sabresd/built-in.o
                0x00000000178032ec                board_mmc_init
 .text.overwrite_console
                0x00000000178033a4        0x8 board/freescale/mx6sabresd/built-in.o
                0x00000000178033a4                overwrite_console
 .text.board_eth_init
                0x00000000178033ac       0x5c board/freescale/mx6sabresd/built-in.o
                0x00000000178033ac                board_eth_init
 .text.board_ehci_hcd_init
                0x0000000017803408       0x28 board/freescale/mx6sabresd/built-in.o
                0x0000000017803408                board_ehci_hcd_init
 .text.board_ehci_power
                0x0000000017803430       0x4c board/freescale/mx6sabresd/built-in.o
                0x0000000017803430                board_ehci_power
 .text.board_early_init_f
                0x000000001780347c       0x8c board/freescale/mx6sabresd/built-in.o
                0x000000001780347c                board_early_init_f
 .text.board_init
                0x0000000017803508       0x7c board/freescale/mx6sabresd/built-in.o
                0x0000000017803508                board_init
 .text.power_init_board
                0x0000000017803584       0x8c board/freescale/mx6sabresd/built-in.o
                0x0000000017803584                power_init_board
 .text.board_spi_cs_gpio
                0x0000000017803610       0x10 board/freescale/mx6sabresd/built-in.o
                0x0000000017803610                board_spi_cs_gpio
 .text.board_late_init
                0x0000000017803620       0xc4 board/freescale/mx6sabresd/built-in.o
                0x0000000017803620                board_late_init
 .text.checkboard
                0x00000000178036e4       0x18 board/freescale/mx6sabresd/built-in.o
                0x00000000178036e4                checkboard
 .text.do_go_exec
                0x00000000178036fc       0x10 cmd/built-in.o
                0x00000000178036fc                do_go_exec
 .text.do_go    0x000000001780370c       0x6c cmd/built-in.o
 .text.do_bootm
                0x0000000017803778      0x118 cmd/built-in.o
                0x0000000017803778                do_bootm
 .text.do_bootd
                0x0000000017803890       0x20 cmd/built-in.o
                0x0000000017803890                do_bootd
 .text.image_info
                0x00000000178038b0       0xcc cmd/built-in.o
 .text.do_iminfo
                0x000000001780397c       0x60 cmd/built-in.o
 .text.bootm_maybe_autostart
                0x00000000178039dc       0x78 cmd/built-in.o
                0x00000000178039dc                bootm_maybe_autostart
 .text.do_bootz
                0x0000000017803a54       0xf8 cmd/built-in.o
                0x0000000017803a54                do_bootz
 .text.do_help  0x0000000017803b4c       0x48 cmd/built-in.o
 .text.do_version
                0x0000000017803b94       0x38 cmd/built-in.o
 .text.source   0x0000000017803bcc       0xd8 cmd/built-in.o
                0x0000000017803bcc                source
 .text.do_source
                0x0000000017803ca4       0x44 cmd/built-in.o
 .text.print_num
                0x0000000017803ce8       0x18 cmd/built-in.o
 .text.do_bdinfo
                0x0000000017803d00      0x18c cmd/built-in.o
 .text.parse_argv
                0x0000000017803e8c       0x64 cmd/built-in.o
 .text.do_icache
                0x0000000017803ef0       0x88 cmd/built-in.o
 .text.do_dcache
                0x0000000017803f78       0x88 cmd/built-in.o
 .text.do_coninfo
                0x0000000017804000       0xb0 cmd/built-in.o
 .text.do_echo  0x00000000178040b0       0xb0 cmd/built-in.o
 .text.load_elf_image_shdr
                0x0000000017804160       0x8c cmd/built-in.o
 .text.valid_elf_image
                0x00000000178041ec       0x4c cmd/built-in.o
                0x00000000178041ec                valid_elf_image
 .text.do_bootelf
                0x0000000017804238      0x1b0 cmd/built-in.o
                0x0000000017804238                do_bootelf
 .text.do_bootvx
                0x00000000178043e8      0x32c cmd/built-in.o
                0x00000000178043e8                do_bootvx
 .text.do_exit  0x0000000017804714       0x30 cmd/built-in.o
 .text.do_ext4_size
                0x0000000017804744       0x18 cmd/built-in.o
                0x0000000017804744                do_ext4_size
 .text.do_ext4_load
                0x000000001780475c       0x18 cmd/built-in.o
                0x000000001780475c                do_ext4_load
 .text.do_ext4_ls
                0x0000000017804774       0x18 cmd/built-in.o
                0x0000000017804774                do_ext4_ls
 .text.do_ext4_write
                0x000000001780478c       0x18 cmd/built-in.o
                0x000000001780478c                do_ext4_write
 .text.do_ext2load
                0x00000000178047a4       0x18 cmd/built-in.o
                0x00000000178047a4                do_ext2load
 .text.do_ext2ls
                0x00000000178047bc       0x18 cmd/built-in.o
 .text.do_fat_size
                0x00000000178047d4       0x18 cmd/built-in.o
                0x00000000178047d4                do_fat_size
 .text.do_fat_fsload
                0x00000000178047ec       0x18 cmd/built-in.o
                0x00000000178047ec                do_fat_fsload
 .text.do_fat_ls
                0x0000000017804804       0x18 cmd/built-in.o
 .text.do_fat_fsinfo
                0x000000001780481c       0x90 cmd/built-in.o
 .text.fdt_valid
                0x00000000178048ac       0xbc cmd/built-in.o
 .text.is_printable_string
                0x0000000017804968       0x98 cmd/built-in.o
 .text.print_data
                0x0000000017804a00      0x174 cmd/built-in.o
 .text.set_working_fdt_addr
                0x0000000017804b74       0x1c cmd/built-in.o
                0x0000000017804b74                set_working_fdt_addr
 .text.do_fdt   0x0000000017804b90      0xe90 cmd/built-in.o
 .text.do_size_wrapper
                0x0000000017805a20       0x18 cmd/built-in.o
 .text.do_load_wrapper
                0x0000000017805a38       0x18 cmd/built-in.o
 .text.do_save_wrapper
                0x0000000017805a50       0x18 cmd/built-in.o
 .text.do_ls_wrapper
                0x0000000017805a68       0x18 cmd/built-in.o
 .text.do_fstype_wrapper
                0x0000000017805a80        0x4 cmd/built-in.o
 .text.strtou32
                0x0000000017805a84       0x48 cmd/built-in.o
 .text.do_fuse  0x0000000017805acc      0x360 cmd/built-in.o
 .text.name_to_gpio
                0x0000000017805e2c        0xc cmd/built-in.o
                0x0000000017805e2c                name_to_gpio
 .text.do_gpio  0x0000000017805e38      0x154 cmd/built-in.o
 .text.do_i2c   0x0000000017805f8c       0x64 cmd/built-in.o
 .text.do_i2c_bus_speed
                0x0000000017805ff0       0x78 cmd/built-in.o
 .text.do_i2c_reset
                0x0000000017806068       0x30 cmd/built-in.o
 .text.do_i2c_probe
                0x0000000017806098       0x9c cmd/built-in.o
 .text.do_i2c_bus_num
                0x0000000017806134       0xbc cmd/built-in.o
 .text.do_i2c_show_bus
                0x00000000178061f0       0xd8 cmd/built-in.o
 .text.get_alen.constprop.4
                0x00000000178062c8       0x3c cmd/built-in.o
 .text.do_i2c_crc
                0x0000000017806304      0x124 cmd/built-in.o
 .text.do_i2c_read
                0x0000000017806428       0xbc cmd/built-in.o
 .text.do_i2c_md
                0x00000000178064e4      0x1e8 cmd/built-in.o
 .text.do_i2c_mw
                0x00000000178066cc      0x100 cmd/built-in.o
 .text.do_i2c_write
                0x00000000178067cc      0x14c cmd/built-in.o
 .text.mod_i2c_mem.isra.3
                0x0000000017806918      0x208 cmd/built-in.o
 .text.do_i2c_nm
                0x0000000017806b20        0x8 cmd/built-in.o
 .text.do_i2c_mm
                0x0000000017806b28        0x8 cmd/built-in.o
 .text.do_i2c_loop
                0x0000000017806b30       0xe4 cmd/built-in.o
 .text.i2c_init_board
                0x0000000017806c14        0x4 cmd/built-in.o
                0x0000000017806c14                i2c_init_board
 .text.evalexp  0x0000000017806c18       0x94 cmd/built-in.o
 .text.evalstr  0x0000000017806cac       0x6c cmd/built-in.o
 .text.binary_test
                0x0000000017806d18      0x1b0 cmd/built-in.o
 .text.do_itest
                0x0000000017806ec8       0x98 cmd/built-in.o
 .text.bin_data_init
                0x0000000017806f60       0x2c cmd/built-in.o
 .text.k_data_save
                0x0000000017806f8c       0x4c cmd/built-in.o
 .text.k_data_restore
                0x0000000017806fd8       0x4c cmd/built-in.o
 .text.getcxmodem
                0x0000000017807024       0x20 cmd/built-in.o
 .text.load_serial_ymodem
                0x0000000017807044       0xcc cmd/built-in.o
 .text.bin_data_char
                0x0000000017807110       0x2c cmd/built-in.o
 .text.chk1.constprop.1
                0x000000001780713c       0x2c cmd/built-in.o
 .text.s1_sendpacket.constprop.2
                0x0000000017807168       0x50 cmd/built-in.o
 .text.load_serial
                0x00000000178071b8      0x1e0 cmd/built-in.o
 .text.do_load_serial
                0x0000000017807398       0xdc cmd/built-in.o
 .text.do_load_serial_bin
                0x0000000017807474      0x7b0 cmd/built-in.o
 .text.do_mem_mw
                0x0000000017807c24       0xc0 cmd/built-in.o
 .text.do_mem_loop
                0x0000000017807ce4       0xec cmd/built-in.o
 .text.do_mem_md
                0x0000000017807dd0       0xec cmd/built-in.o
 .text.do_mem_cmp
                0x0000000017807ebc      0x16c cmd/built-in.o
 .text.do_mem_base
                0x0000000017808028       0x40 cmd/built-in.o
 .text.do_mem_cp
                0x0000000017808068       0xd8 cmd/built-in.o
 .text.do_mem_crc
                0x0000000017808140       0x48 cmd/built-in.o
 .text.mod_mem.isra.2
                0x0000000017808188      0x164 cmd/built-in.o
 .text.do_mem_mm
                0x00000000178082ec        0x8 cmd/built-in.o
 .text.do_mem_nm
                0x00000000178082f4        0x8 cmd/built-in.o
 .text.extract_range
                0x00000000178082fc       0xe4 cmd/built-in.o
 .text.do_mii   0x00000000178083e0      0x8d4 cmd/built-in.o
 .text.do_mdio  0x0000000017808cb4      0x4b8 cmd/built-in.o
 .text.do_sleep
                0x000000001780916c       0x70 cmd/built-in.o
 .text.do_mmcops
                0x00000000178091dc       0xb4 cmd/built-in.o
 .text.init_mmc_device
                0x0000000017809290       0x54 cmd/built-in.o
 .text.do_mmc_rescan
                0x00000000178092e4       0x24 cmd/built-in.o
 .text.do_mmc_rst_func
                0x0000000017809308       0xa0 cmd/built-in.o
 .text.do_mmc_partconf
                0x00000000178093a8       0xb4 cmd/built-in.o
 .text.do_mmc_boot_resize
                0x000000001780945c       0xcc cmd/built-in.o
 .text.do_mmc_bootbus
                0x0000000017809528       0xb4 cmd/built-in.o
 .text.do_mmc_hwpartition
                0x00000000178095dc      0x51c cmd/built-in.o
 .text.do_mmc_list
                0x0000000017809af8       0x14 cmd/built-in.o
 .text.do_mmc_dev
                0x0000000017809b0c      0x134 cmd/built-in.o
 .text.do_mmc_part
                0x0000000017809c40       0x5c cmd/built-in.o
 .text.do_mmc_erase
                0x0000000017809c9c       0xe8 cmd/built-in.o
 .text.do_mmc_write
                0x0000000017809d84      0x100 cmd/built-in.o
 .text.do_mmc_read
                0x0000000017809e84       0xec cmd/built-in.o
 .text.do_mmcinfo
                0x0000000017809f70      0x370 cmd/built-in.o
 .text.do_mmc_setdsr
                0x000000001780a2e0       0xb0 cmd/built-in.o
 .text.cpu_cmd  0x000000001780a390      0x164 cmd/built-in.o
 .text.netboot_common
                0x000000001780a4f4      0x294 cmd/built-in.o
 .text.do_bootp
                0x000000001780a788        0xc cmd/built-in.o
 .text.do_dhcp  0x000000001780a794        0xc cmd/built-in.o
 .text.do_nfs   0x000000001780a7a0        0xc cmd/built-in.o
 .text.do_tftpb
                0x000000001780a7ac       0x40 cmd/built-in.o
                0x000000001780a7ac                do_tftpb
 .text.do_ping  0x000000001780a7ec       0x7c cmd/built-in.o
 .text.pci_cfg_write
                0x000000001780a868       0x3c cmd/built-in.o
 .text.pci_read_config
                0x000000001780a8a4       0x48 cmd/built-in.o
 .text.pci_field_width
                0x000000001780a8ec       0x20 cmd/built-in.o
 .text.pci_show_regs
                0x000000001780a90c       0x78 cmd/built-in.o
 .text.pci_cfg_modify.isra.1
                0x000000001780a984       0xf8 cmd/built-in.o
 .text.pci_header_show
                0x000000001780aa7c       0xc8 cmd/built-in.o
                0x000000001780aa7c                pci_header_show
 .text.pciinfo_header
                0x000000001780ab44       0x40 cmd/built-in.o
                0x000000001780ab44                pciinfo_header
 .text.pci_header_show_brief
                0x000000001780ab84       0x80 cmd/built-in.o
                0x000000001780ab84                pci_header_show_brief
 .text.pciinfo  0x000000001780ac04      0x154 cmd/built-in.o
                0x000000001780ac04                pciinfo
 .text.do_pci   0x000000001780ad58      0x3ac cmd/built-in.o
 .text.bytes_per_second
                0x000000001780b104       0x50 cmd/built-in.o
 .text.do_spi_flash
                0x000000001780b154      0x878 cmd/built-in.o
 .text.substitute
                0x000000001780b9cc       0xf0 cmd/built-in.o
 .text.get_arg  0x000000001780babc       0x58 cmd/built-in.o
 .text.regex_sub
                0x000000001780bb14      0x470 cmd/built-in.o
 .text.do_setexpr
                0x000000001780bf84      0x1a0 cmd/built-in.o
 .text.do_false
                0x000000001780c124        0x8 cmd/built-in.o
 .text.do_true  0x000000001780c12c        0x8 cmd/built-in.o
 .text.do_test  0x000000001780c134      0x33c cmd/built-in.o
 .text.usb_get_class_desc
                0x000000001780c470       0xbc cmd/built-in.o
 .text.usb_find_device
                0x000000001780c52c       0x3c cmd/built-in.o
 .text.usb_show_tree_graph
                0x000000001780c568      0x228 cmd/built-in.o
 .text.usb_display_class_sub
                0x000000001780c790      0x170 cmd/built-in.o
 .text.usb_display_string
                0x000000001780c900       0x44 cmd/built-in.o
 .text.usb_display_config
                0x000000001780c944      0x20c cmd/built-in.o
 .text.do_usbboot
                0x000000001780cb50        0xc cmd/built-in.o
 .text.usb_display_desc.part.2
                0x000000001780cb5c      0x12c cmd/built-in.o
 .text.do_usb_start
                0x000000001780cc88       0x44 cmd/built-in.o
 .text.usb_show_tree
                0x000000001780cccc       0x54 cmd/built-in.o
                0x000000001780cccc                usb_show_tree
 .text.do_usb   0x000000001780cd20      0x758 cmd/built-in.o
 .text.do_fastboot
                0x000000001780d478       0xd8 cmd/built-in.o
 .text.ums_read_sector
                0x000000001780d550       0x1c cmd/built-in.o
 .text.ums_write_sector
                0x000000001780d56c       0x1c cmd/built-in.o
 .text.ums_fini
                0x000000001780d588       0x60 cmd/built-in.o
 .text.do_usb_mass_storage
                0x000000001780d5e8      0x340 cmd/built-in.o
                0x000000001780d5e8                do_usb_mass_storage
 .text.do_imgextract
                0x000000001780d928      0x290 cmd/built-in.o
 .text.do_dfu   0x000000001780dbb8      0x118 cmd/built-in.o
 .text.do_env_delete
                0x000000001780dcd0       0x9c cmd/built-in.o
 .text.do_env_exists
                0x000000001780dd6c       0x64 cmd/built-in.o
 .text.do_env_save
                0x000000001780ddd0       0x2c cmd/built-in.o
 .text.do_env   0x000000001780ddfc       0x64 cmd/built-in.o
 .text.env_print
                0x000000001780de60       0xc0 cmd/built-in.o
 .text.do_env_print
                0x000000001780df20       0xc4 cmd/built-in.o
 .text.do_env_import
                0x000000001780dfe4      0x28c cmd/built-in.o
 .text.do_env_default
                0x000000001780e270       0xa8 cmd/built-in.o
 .text._do_env_set.isra.1
                0x000000001780e318      0x1bc cmd/built-in.o
 .text.do_env_set
                0x000000001780e4d4       0x20 cmd/built-in.o
 .text.get_env_id
                0x000000001780e4f4       0x10 cmd/built-in.o
                0x000000001780e4f4                get_env_id
 .text.setenv   0x000000001780e504       0x5c cmd/built-in.o
                0x000000001780e504                setenv
 .text.setenv_ulong
                0x000000001780e560       0x20 cmd/built-in.o
                0x000000001780e560                setenv_ulong
 .text.setenv_hex
                0x000000001780e580       0x34 cmd/built-in.o
                0x000000001780e580                setenv_hex
 .text.do_env_export
                0x000000001780e5b4      0x260 cmd/built-in.o
 .text.envmatch
                0x000000001780e814       0x6c cmd/built-in.o
                0x000000001780e814                envmatch
 .text.getenv_f
                0x000000001780e880       0xc0 cmd/built-in.o
                0x000000001780e880                getenv_f
 .text.getenv   0x000000001780e940       0x78 cmd/built-in.o
                0x000000001780e940                getenv
 .text.getenv_hex
                0x000000001780e9b8       0x3c cmd/built-in.o
                0x000000001780e9b8                getenv_hex
 .text.getenv_ulong
                0x000000001780e9f4       0x30 cmd/built-in.o
                0x000000001780e9f4                getenv_ulong
 .text.do_env_edit.part.3
                0x000000001780ea24       0x9c cmd/built-in.o
 .text.do_env_edit
                0x000000001780eac0       0x2c cmd/built-in.o
 .text.common_diskboot
                0x000000001780eaec      0x238 cmd/built-in.o
                0x000000001780eaec                common_diskboot
 .text.board_init_f_alloc_reserve
                0x000000001780ed24        0xc common/built-in.o
                0x000000001780ed24                board_init_f_alloc_reserve
 .text.board_init_f_init_reserve
                0x000000001780ed30       0x20 common/built-in.o
                0x000000001780ed30                board_init_f_init_reserve
 .text.show_boot_progress
                0x000000001780ed50        0x4 common/built-in.o
                0x000000001780ed50                show_boot_progress
 .text.main_loop
                0x000000001780ed54       0x20 common/built-in.o
                0x000000001780ed54                main_loop
 .text.dummy    0x000000001780ed74        0x4 common/built-in.o
 .text.get_version
                0x000000001780ed78        0x8 common/built-in.o
                0x000000001780ed78                get_version
 .text.jumptable_init
                0x000000001780ed80      0x1e0 common/built-in.o
                0x000000001780ed80                jumptable_init
 .text.hash_finish_crc32
                0x000000001780ef60       0x30 common/built-in.o
 .text.hash_update_crc32
                0x000000001780ef90       0x24 common/built-in.o
 .text.hash_init_crc32
                0x000000001780efb4       0x24 common/built-in.o
 .text.hash_lookup_algo
                0x000000001780efd8       0x28 common/built-in.o
                0x000000001780efd8                hash_lookup_algo
 .text.hash_command
                0x000000001780f000       0xb4 common/built-in.o
                0x000000001780f000                hash_command
 .text.b_reset  0x000000001780f0b4       0x1c common/built-in.o
 .text.static_get
                0x000000001780f0d0       0x1c common/built-in.o
 .text.static_peek
                0x000000001780f0ec        0xc common/built-in.o
 .text.file_peek
                0x000000001780f0f8        0xc common/built-in.o
 .text.mapset   0x000000001780f104       0x20 common/built-in.o
 .text.syntax_err
                0x000000001780f124        0xc common/built-in.o
 .text.free_pipe_list
                0x000000001780f130       0xf0 common/built-in.o
 .text.xmalloc  0x000000001780f220       0x20 common/built-in.o
 .text.new_pipe
                0x000000001780f240       0x28 common/built-in.o
 .text.xrealloc
                0x000000001780f268       0x20 common/built-in.o
 .text.done_command
                0x000000001780f288       0x88 common/built-in.o
 .text.done_pipe
                0x000000001780f310       0x48 common/built-in.o
 .text.done_word
                0x000000001780f358      0x2e4 common/built-in.o
 .text.do_showvar
                0x000000001780f63c       0xfc common/built-in.o
 .text.is_assignment
                0x000000001780f738       0x5c common/built-in.o
 .text.file_get
                0x000000001780f794      0x1ec common/built-in.o
 .text.b_addchr
                0x000000001780f980       0x78 common/built-in.o
 .text.b_addqchr
                0x000000001780f9f8       0x50 common/built-in.o
 .text.get_local_var
                0x000000001780fa48       0xa0 common/built-in.o
                0x000000001780fa48                get_local_var
 .text.set_local_var
                0x000000001780fae8      0x1bc common/built-in.o
                0x000000001780fae8                set_local_var
 .text.insert_var_value_sub
                0x000000001780fca4      0x2c0 common/built-in.o
 .text.parse_string_outer
                0x000000001780ff64       0xe4 common/built-in.o
                0x000000001780ff64                parse_string_outer
 .text.run_list_real
                0x0000000017810048      0x7e4 common/built-in.o
 .text.parse_stream_outer
                0x000000001781082c      0x6d4 common/built-in.o
 .text.parse_file_outer
                0x0000000017810f00       0x44 common/built-in.o
                0x0000000017810f00                parse_file_outer
 .text.u_boot_hush_start
                0x0000000017810f44       0x54 common/built-in.o
                0x0000000017810f44                u_boot_hush_start
 .text.bootdelay_process
                0x0000000017810f98       0x50 common/built-in.o
                0x0000000017810f98                bootdelay_process
 .text.autoboot_command
                0x0000000017810fe8       0xd0 common/built-in.o
                0x0000000017810fe8                autoboot_command
 .text.display_text_info
                0x00000000178110b8        0x8 common/built-in.o
 .text.setup_mon_len
                0x00000000178110c0       0x20 common/built-in.o
 .text.reserve_round_4k
                0x00000000178110e0       0x18 common/built-in.o
 .text.reserve_mmu
                0x00000000178110f8       0x38 common/built-in.o
 .text.reserve_trace
                0x0000000017811130        0x8 common/built-in.o
 .text.reserve_uboot
                0x0000000017811138       0x30 common/built-in.o
 .text.reserve_malloc
                0x0000000017811168       0x18 common/built-in.o
 .text.setup_machine
                0x0000000017811180       0x14 common/built-in.o
 .text.reserve_global_data
                0x0000000017811194       0x1c common/built-in.o
 .text.reserve_fdt
                0x00000000178111b0       0x4c common/built-in.o
 .text.display_new_sp
                0x00000000178111fc        0x8 common/built-in.o
 .text.initf_console_record
                0x0000000017811204        0x8 common/built-in.o
 .text.reserve_arch
                0x000000001781120c        0x8 common/built-in.o
                0x000000001781120c                reserve_arch
 .text.arch_cpu_init_dm
                0x0000000017811214        0x8 common/built-in.o
                0x0000000017811214                arch_cpu_init_dm
 .text.announce_dram_init
                0x000000001781121c       0x18 common/built-in.o
 .text.init_func_i2c
                0x0000000017811234       0x28 common/built-in.o
 .text.init_baud_rate
                0x000000001781125c       0x2c common/built-in.o
 .text.mark_bootstage
                0x0000000017811288       0x14 common/built-in.o
 .text.initf_dm
                0x000000001781129c        0x8 common/built-in.o
 .text.setup_reloc
                0x00000000178112a4       0x34 common/built-in.o
 .text.reloc_fdt
                0x00000000178112d8       0x3c common/built-in.o
 .text.reserve_board
                0x0000000017811314       0x38 common/built-in.o
 .text.coloured_LED_init
                0x000000001781134c        0x4 common/built-in.o
                0x000000001781134c                coloured_LED_init
 .text.red_led_on
                0x0000000017811350        0x4 common/built-in.o
                0x0000000017811350                red_led_on
 .text.board_add_ram_info
                0x0000000017811354        0x4 common/built-in.o
                0x0000000017811354                board_add_ram_info
 .text.show_dram_config
                0x0000000017811358       0x38 common/built-in.o
 .text.dram_init_banksize
                0x0000000017811390       0x20 common/built-in.o
                0x0000000017811390                dram_init_banksize
 .text.setup_dram_config
                0x00000000178113b0       0x10 common/built-in.o
 .text.board_get_usable_ram_top
                0x00000000178113c0       0x14 common/built-in.o
                0x00000000178113c0                board_get_usable_ram_top
 .text.board_reserve_ram_top
                0x00000000178113d4        0x4 common/built-in.o
                0x00000000178113d4                board_reserve_ram_top
 .text.setup_dest_addr
                0x00000000178113d8       0x4c common/built-in.o
 .text.reserve_stacks
                0x0000000017811424       0x1c common/built-in.o
 .text.board_init_f
                0x0000000017811440       0x28 common/built-in.o
                0x0000000017811440                board_init_f
 .text.bootstage_relocate
                0x0000000017811468        0x8 common/built-in.o
 .text.initr_trace
                0x0000000017811470        0x8 common/built-in.o
 .text.initr_reloc
                0x0000000017811478       0x18 common/built-in.o
 .text.initr_reloc_global_data
                0x0000000017811490       0x28 common/built-in.o
 .text.initr_barrier
                0x00000000178114b8        0x8 common/built-in.o
 .text.initr_console_record
                0x00000000178114c0        0x8 common/built-in.o
 .text.initr_announce
                0x00000000178114c8        0x8 common/built-in.o
 .text.run_main_loop
                0x00000000178114d0        0xc common/built-in.o
 .text.initr_net
                0x00000000178114dc       0x1c common/built-in.o
 .text.initr_ethaddr
                0x00000000178114f8       0x20 common/built-in.o
 .text.initr_enable_interrupts
                0x0000000017811518       0x10 common/built-in.o
 .text.initr_jumptable
                0x0000000017811528       0x10 common/built-in.o
 .text.initr_pci
                0x0000000017811538       0x10 common/built-in.o
 .text.initr_env
                0x0000000017811548       0x30 common/built-in.o
 .text.initr_mmc
                0x0000000017811578       0x20 common/built-in.o
 .text.initr_serial
                0x0000000017811598       0x10 common/built-in.o
 .text.initr_bootstage
                0x00000000178115a8       0x14 common/built-in.o
 .text.initr_dm
                0x00000000178115bc       0x14 common/built-in.o
 .text.initr_malloc
                0x00000000178115d0       0x24 common/built-in.o
 .text.initr_caches
                0x00000000178115f4       0x10 common/built-in.o
 .text.cpu_secondary_init_r
                0x0000000017811604        0x4 common/built-in.o
                0x0000000017811604                cpu_secondary_init_r
 .text.initr_secondary_cpu
                0x0000000017811608       0x10 common/built-in.o
 .text.board_init_r
                0x0000000017811618       0x14 common/built-in.o
                0x0000000017811618                board_init_r
 .text.show_board_info
                0x000000001781162c        0x4 common/built-in.o
                0x000000001781162c                show_board_info
 .text.bootm_find_images
                0x0000000017811630       0xa8 common/built-in.o
                0x0000000017811630                bootm_find_images
 .text.bootm_decomp_image
                0x00000000178116d8      0x150 common/built-in.o
                0x00000000178116d8                bootm_decomp_image
 .text.bootm_disable_interrupts
                0x0000000017811828       0x18 common/built-in.o
                0x0000000017811828                bootm_disable_interrupts
 .text.do_bootm_states
                0x0000000017811840      0x7dc common/built-in.o
                0x0000000017811840                do_bootm_states
 .text.copy_args
                0x000000001781201c       0x50 common/built-in.o
 .text.do_bootm_rtems
                0x000000001781206c       0x40 common/built-in.o
 .text.do_bootm_plan9
                0x00000000178120ac       0xa4 common/built-in.o
 .text.do_bootm_standalone
                0x0000000017812150       0x64 common/built-in.o
 .text.do_bootm_qnxelf
                0x00000000178121b4       0x5c common/built-in.o
 .text.do_bootm_netbsd
                0x0000000017812210       0xf8 common/built-in.o
 .text.do_bootvx_fdt
                0x0000000017812308      0x118 common/built-in.o
                0x0000000017812308                do_bootvx_fdt
 .text.do_bootm_vxworks
                0x0000000017812420       0x24 common/built-in.o
 .text.boot_selected_os
                0x0000000017812444       0x58 common/built-in.o
                0x0000000017812444                boot_selected_os
 .text.bootm_os_get_boot_func
                0x000000001781249c       0x10 common/built-in.o
                0x000000001781249c                bootm_os_get_boot_func
 .text.regex_callback
                0x00000000178124ac      0x134 common/built-in.o
 .text.env_attr_walk
                0x00000000178125e0      0x11c common/built-in.o
                0x00000000178125e0                env_attr_walk
 .text.env_attr_lookup
                0x00000000178126fc       0x84 common/built-in.o
                0x00000000178126fc                env_attr_lookup
 .text.clear_callback
                0x0000000017812780       0x10 common/built-in.o
 .text.find_env_callback
                0x0000000017812790       0x68 common/built-in.o
 .text.on_callbacks
                0x00000000178127f8       0x50 common/built-in.o
 .text.set_callback
                0x0000000017812848       0x98 common/built-in.o
 .text.env_callback_init
                0x00000000178128e0       0xc4 common/built-in.o
                0x00000000178128e0                env_callback_init
 .text.skip_num
                0x00000000178129a4       0x70 common/built-in.o
 .text.clear_flags
                0x0000000017812a14       0x10 common/built-in.o
 .text.on_flags
                0x0000000017812a24       0x50 common/built-in.o
 .text.env_flags_parse_vartype
                0x0000000017812a74       0x50 common/built-in.o
                0x0000000017812a74                env_flags_parse_vartype
 .text.env_flags_parse_varaccess
                0x0000000017812ac4       0x58 common/built-in.o
                0x0000000017812ac4                env_flags_parse_varaccess
 .text.set_flags
                0x0000000017812b1c       0xb0 common/built-in.o
 .text.eth_validate_ethaddr_str
                0x0000000017812bcc       0x94 common/built-in.o
                0x0000000017812bcc                eth_validate_ethaddr_str
 .text.env_flags_init
                0x0000000017812c60       0xd8 common/built-in.o
                0x0000000017812c60                env_flags_init
 .text.env_flags_validate
                0x0000000017812d38      0x2b4 common/built-in.o
                0x0000000017812d38                env_flags_validate
 .text.mmc_get_env_addr
                0x0000000017812fec       0x10 common/built-in.o
                0x0000000017812fec                mmc_get_env_addr
 .text.mmc_get_env_dev
                0x0000000017812ffc        0x8 common/built-in.o
                0x0000000017812ffc                mmc_get_env_dev
 .text.env_init
                0x0000000017813004       0x1c common/built-in.o
                0x0000000017813004                env_init
 .text.saveenv  0x0000000017813020      0x120 common/built-in.o
                0x0000000017813020                saveenv
 .text.env_relocate_spec
                0x0000000017813140       0xe4 common/built-in.o
                0x0000000017813140                env_relocate_spec
 .text.fdt_find_and_setprop
                0x0000000017813224       0x70 common/built-in.o
                0x0000000017813224                fdt_find_and_setprop
 .text.fdt_find_or_add_subnode
                0x0000000017813294       0x68 common/built-in.o
                0x0000000017813294                fdt_find_or_add_subnode
 .text.fdt_root
                0x00000000178132fc       0x90 common/built-in.o
                0x00000000178132fc                fdt_root
 .text.fdt_initrd
                0x000000001781338c      0x1d0 common/built-in.o
                0x000000001781338c                fdt_initrd
 .text.fdt_chosen
                0x000000001781355c       0xa8 common/built-in.o
                0x000000001781355c                fdt_chosen
 .text.do_fixup_by_path
                0x0000000017813604       0x54 common/built-in.o
                0x0000000017813604                do_fixup_by_path
 .text.fdt_fixup_memory_banks
                0x0000000017813658      0x1b0 common/built-in.o
                0x0000000017813658                fdt_fixup_memory_banks
 .text.fdt_fixup_memory
                0x0000000017813808       0x20 common/built-in.o
                0x0000000017813808                fdt_fixup_memory
 .text.fdt_fixup_ethernet
                0x0000000017813828      0x168 common/built-in.o
                0x0000000017813828                fdt_fixup_ethernet
 .text.fdt_shrink_to_minimum
                0x0000000017813990       0xcc common/built-in.o
                0x0000000017813990                fdt_shrink_to_minimum
 .text.miiphy_get_dev_by_name
                0x0000000017813a5c       0x60 common/built-in.o
                0x0000000017813a5c                miiphy_get_dev_by_name
 .text.miiphy_init
                0x0000000017813abc       0x24 common/built-in.o
                0x0000000017813abc                miiphy_init
 .text.mdio_alloc
                0x0000000017813ae0       0x30 common/built-in.o
                0x0000000017813ae0                mdio_alloc
 .text.mdio_register
                0x0000000017813b10       0xa0 common/built-in.o
                0x0000000017813b10                mdio_register
 .text.mdio_unregister
                0x0000000017813bb0       0x3c common/built-in.o
                0x0000000017813bb0                mdio_unregister
 .text.mdio_list_devices
                0x0000000017813bec       0x98 common/built-in.o
                0x0000000017813bec                mdio_list_devices
 .text.miiphy_set_current_dev
                0x0000000017813c84       0x40 common/built-in.o
                0x0000000017813c84                miiphy_set_current_dev
 .text.miiphy_get_active_dev
                0x0000000017813cc4       0x54 common/built-in.o
 .text.mdio_get_current_dev
                0x0000000017813d18       0x10 common/built-in.o
                0x0000000017813d18                mdio_get_current_dev
 .text.mdio_phydev_for_ethname
                0x0000000017813d28       0x88 common/built-in.o
                0x0000000017813d28                mdio_phydev_for_ethname
 .text.miiphy_get_current_dev
                0x0000000017813db0       0x18 common/built-in.o
                0x0000000017813db0                miiphy_get_current_dev
 .text.miiphy_read
                0x0000000017813dc8       0x4c common/built-in.o
                0x0000000017813dc8                miiphy_read
 .text.miiphy_write
                0x0000000017813e14       0x40 common/built-in.o
                0x0000000017813e14                miiphy_write
 .text.miiphy_listdev
                0x0000000017813e54       0x74 common/built-in.o
                0x0000000017813e54                miiphy_listdev
 .text.miiphy_info
                0x0000000017813ec8       0x88 common/built-in.o
                0x0000000017813ec8                miiphy_info
 .text.miiphy_speed
                0x0000000017813f50       0x94 common/built-in.o
                0x0000000017813f50                miiphy_speed
 .text.miiphy_duplex
                0x0000000017813fe4       0x94 common/built-in.o
                0x0000000017813fe4                miiphy_duplex
 .text.miiphy_is_1000base_x
                0x0000000017814078        0x8 common/built-in.o
                0x0000000017814078                miiphy_is_1000base_x
 .text.usb_set_maxpacket_ep
                0x0000000017814080       0x70 common/built-in.o
 .text.usb_stop
                0x00000000178140f0       0x64 common/built-in.o
                0x00000000178140f0                usb_stop
 .text.usb_disable_asynch
                0x0000000017814154       0x20 common/built-in.o
                0x0000000017814154                usb_disable_asynch
 .text.usb_control_msg
                0x0000000017814174       0xc4 common/built-in.o
                0x0000000017814174                usb_control_msg
 .text.usb_get_descriptor
                0x0000000017814238       0x54 common/built-in.o
 .text.get_descriptor_len
                0x000000001781428c       0x90 common/built-in.o
 .text.usb_get_string
                0x000000001781431c       0x6c common/built-in.o
 .text.usb_string_sub
                0x0000000017814388      0x108 common/built-in.o
 .text.usb_bulk_msg
                0x0000000017814490       0x78 common/built-in.o
                0x0000000017814490                usb_bulk_msg
 .text.usb_maxpacket
                0x0000000017814508       0x1c common/built-in.o
                0x0000000017814508                usb_maxpacket
 .text.usb_clear_halt
                0x0000000017814524       0x8c common/built-in.o
                0x0000000017814524                usb_clear_halt
 .text.usb_get_configuration_len
                0x00000000178145b0       0x74 common/built-in.o
                0x00000000178145b0                usb_get_configuration_len
 .text.usb_get_configuration_no
                0x0000000017814624       0x34 common/built-in.o
                0x0000000017814624                usb_get_configuration_no
 .text.usb_set_interface
                0x0000000017814658       0xb4 common/built-in.o
                0x0000000017814658                usb_set_interface
 .text.usb_string
                0x000000001781470c      0x104 common/built-in.o
                0x000000001781470c                usb_string
 .text.usb_get_dev_index
                0x0000000017814810       0x24 common/built-in.o
                0x0000000017814810                usb_get_dev_index
 .text.usb_alloc_new_device
                0x0000000017814834       0x9c common/built-in.o
                0x0000000017814834                usb_alloc_new_device
 .text.usb_free_device
                0x00000000178148d0       0x48 common/built-in.o
                0x00000000178148d0                usb_free_device
 .text.usb_alloc_device
                0x0000000017814918        0x8 common/built-in.o
                0x0000000017814918                usb_alloc_device
 .text.usb_select_config
                0x0000000017814920      0x450 common/built-in.o
                0x0000000017814920                usb_select_config
 .text.usb_setup_device
                0x0000000017814d70      0x19c common/built-in.o
                0x0000000017814d70                usb_setup_device
 .text.usb_new_device
                0x0000000017814f0c       0x34 common/built-in.o
                0x0000000017814f0c                usb_new_device
 .text.usb_init
                0x0000000017814f40      0x144 common/built-in.o
                0x0000000017814f40                usb_init
 .text.board_usb_init
                0x0000000017815084        0x8 common/built-in.o
                0x0000000017815084                board_usb_init
 .text.board_usb_cleanup
                0x000000001781508c        0x8 common/built-in.o
                0x000000001781508c                board_usb_cleanup
 .text.usb_device_has_child_on_port
                0x0000000017815094       0x14 common/built-in.o
                0x0000000017815094                usb_device_has_child_on_port
 .text.usb_find_usb2_hub_address_port
                0x00000000178150a8       0x5c common/built-in.o
                0x00000000178150a8                usb_find_usb2_hub_address_port
 .text.usb_set_port_feature
                0x0000000017815104       0x4c common/built-in.o
 .text.usb_clear_port_feature
                0x0000000017815150       0x4c common/built-in.o
 .text.usb_get_hub_descriptor
                0x000000001781519c       0x4c common/built-in.o
 .text.usb_hub_power_on
                0x00000000178151e8       0x6c common/built-in.o
 .text.usb_hub_reset_devices
                0x0000000017815254        0x4 common/built-in.o
                0x0000000017815254                usb_hub_reset_devices
 .text.usb_get_port_status
                0x0000000017815258       0x4c common/built-in.o
                0x0000000017815258                usb_get_port_status
 .text.usb_hub_reset
                0x00000000178152a4       0x14 common/built-in.o
                0x00000000178152a4                usb_hub_reset
 .text.legacy_hub_port_reset
                0x00000000178152b8       0xa0 common/built-in.o
                0x00000000178152b8                legacy_hub_port_reset
 .text.usb_hub_port_connect_change
                0x0000000017815358      0x16c common/built-in.o
                0x0000000017815358                usb_hub_port_connect_change
 .text.usb_hub_configure
                0x00000000178154c4      0x2d4 common/built-in.o
 .text.usb_hub_probe
                0x0000000017815798       0x58 common/built-in.o
                0x0000000017815798                usb_hub_probe
 .text.usb_stor_irq
                0x00000000178157f0       0x1c common/built-in.o
 .text.usb_stor_BBB_reset
                0x000000001781580c       0xcc common/built-in.o
 .text.usb_stor_CB_reset
                0x00000000178158d8       0xcc common/built-in.o
 .text.usb_stor_BBB_clear_endpt_stall.isra.0
                0x00000000178159a4       0x40 common/built-in.o
 .text.usb_stor_BBB_transport
                0x00000000178159e4      0x268 common/built-in.o
 .text.usb_stor_CB_comdat
                0x0000000017815c4c      0x1fc common/built-in.o
 .text.usb_stor_CBI_get_status.isra.2
                0x0000000017815e48       0xc8 common/built-in.o
 .text.usb_stor_CB_transport
                0x0000000017815f10      0x228 common/built-in.o
 .text.usb_request_sense.constprop.8
                0x0000000017816138       0x70 common/built-in.o
 .text.usb_stor_read
                0x00000000178161a8      0x18c common/built-in.o
 .text.usb_stor_write
                0x0000000017816334      0x18c common/built-in.o
 .text.usb_stor_get_dev
                0x00000000178164c0       0x28 common/built-in.o
                0x00000000178164c0                usb_stor_get_dev
 .text.usb_stor_info
                0x00000000178164e8       0x74 common/built-in.o
                0x00000000178164e8                usb_stor_info
 .text.usb_storage_probe
                0x000000001781655c      0x208 common/built-in.o
                0x000000001781655c                usb_storage_probe
 .text.usb_stor_get_info
                0x0000000017816764      0x31c common/built-in.o
                0x0000000017816764                usb_stor_get_info
 .text.usb_stor_scan
                0x0000000017816a80      0x1ec common/built-in.o
                0x0000000017816a80                usb_stor_scan
 .text.splash_screen_prepare
                0x0000000017816c6c        0x8 common/built-in.o
                0x0000000017816c6c                splash_screen_prepare
 .text.splash_get_pos
                0x0000000017816c74       0x84 common/built-in.o
                0x0000000017816c74                splash_get_pos
 .text.env_get_char_spec
                0x0000000017816cf8        0xc common/built-in.o
                0x0000000017816cf8                env_get_char_spec
 .text.env_get_addr
                0x0000000017816d04       0x20 common/built-in.o
                0x0000000017816d04                env_get_addr
 .text.env_get_char_memory
                0x0000000017816d24       0x10 common/built-in.o
                0x0000000017816d24                env_get_char_memory
 .text.env_get_char
                0x0000000017816d34       0x30 common/built-in.o
                0x0000000017816d34                env_get_char
 .text.getenv_yesno
                0x0000000017816d64       0x40 common/built-in.o
                0x0000000017816d64                getenv_yesno
 .text.getenv_default
                0x0000000017816da4       0x30 common/built-in.o
                0x0000000017816da4                getenv_default
 .text.set_default_env
                0x0000000017816dd4       0xc0 common/built-in.o
                0x0000000017816dd4                set_default_env
 .text.set_default_vars
                0x0000000017816e94       0x3c common/built-in.o
                0x0000000017816e94                set_default_vars
 .text.env_import
                0x0000000017816ed0       0xe0 common/built-in.o
                0x0000000017816ed0                env_import
 .text.env_export
                0x0000000017816fb0       0xa0 common/built-in.o
                0x0000000017816fb0                env_export
 .text.env_relocate
                0x0000000017817050       0x30 common/built-in.o
                0x0000000017817050                env_relocate
 .text.env_complete
                0x0000000017817080       0xdc common/built-in.o
                0x0000000017817080                env_complete
 .text.console_setfile
                0x000000001781715c       0xc0 common/built-in.o
 .text.serial_printf
                0x000000001781721c       0x44 common/built-in.o
                0x000000001781721c                serial_printf
 .text.puts     0x0000000017817260       0x34 common/built-in.o
                0x0000000017817260                puts
 .text.putc     0x0000000017817294       0x34 common/built-in.o
                0x0000000017817294                putc
 .text.fgetc    0x00000000178172c8       0x24 common/built-in.o
                0x00000000178172c8                fgetc
 .text.getc     0x00000000178172ec       0x24 common/built-in.o
                0x00000000178172ec                getc
 .text.ftstc    0x0000000017817310       0x24 common/built-in.o
                0x0000000017817310                ftstc
 .text.tstc     0x0000000017817334       0x24 common/built-in.o
                0x0000000017817334                tstc
 .text.ctrlc    0x0000000017817358       0x58 common/built-in.o
                0x0000000017817358                ctrlc
 .text.confirm_yesno
                0x00000000178173b0       0xd4 common/built-in.o
                0x00000000178173b0                confirm_yesno
 .text.had_ctrlc
                0x0000000017817484       0x10 common/built-in.o
                0x0000000017817484                had_ctrlc
 .text.clear_ctrlc
                0x0000000017817494       0x14 common/built-in.o
                0x0000000017817494                clear_ctrlc
 .text.search_device
                0x00000000178174a8       0x28 common/built-in.o
                0x00000000178174a8                search_device
 .text.console_assign
                0x00000000178174d0       0x48 common/built-in.o
                0x00000000178174d0                console_assign
 .text.on_console
                0x0000000017817518       0xc0 common/built-in.o
 .text.console_init_f
                0x00000000178175d8       0x10 common/built-in.o
                0x00000000178175d8                console_init_f
 .text.stdio_print_current_devices
                0x00000000178175e8       0xb0 common/built-in.o
                0x00000000178175e8                stdio_print_current_devices
 .text.console_init_r
                0x0000000017817698      0x194 common/built-in.o
                0x0000000017817698                console_init_r
 .text.sbrk     0x000000001781782c       0x70 common/built-in.o
                0x000000001781782c                sbrk
 .text.mem_malloc_init
                0x000000001781789c       0x34 common/built-in.o
                0x000000001781789c                mem_malloc_init
 .text.malloc_trim
                0x00000000178178d0       0xcc common/built-in.o
                0x00000000178178d0                malloc_trim
 .text.free     0x000000001781799c      0x248 common/built-in.o
                0x000000001781799c                free
 .text.malloc   0x0000000017817be4      0x62c common/built-in.o
                0x0000000017817be4                malloc
 .text.calloc   0x0000000017818210      0x148 common/built-in.o
                0x0000000017818210                calloc
 .text.realloc  0x0000000017818358      0x428 common/built-in.o
                0x0000000017818358                realloc
 .text.memalign
                0x0000000017818780      0x140 common/built-in.o
                0x0000000017818780                memalign
 .text.initf_malloc
                0x00000000178188c0       0x18 common/built-in.o
                0x00000000178188c0                initf_malloc
 .text.malloc_simple
                0x00000000178188d8       0x30 common/built-in.o
                0x00000000178188d8                malloc_simple
 .text.on_loadaddr
                0x0000000017818908       0x38 common/built-in.o
 .text.image_check_hcrc
                0x0000000017818940       0x4c common/built-in.o
                0x0000000017818940                image_check_hcrc
 .text.image_check_dcrc
                0x000000001781898c       0x38 common/built-in.o
                0x000000001781898c                image_check_dcrc
 .text.image_multi_count
                0x00000000178189c4       0x1c common/built-in.o
                0x00000000178189c4                image_multi_count
 .text.image_multi_getimg
                0x00000000178189e0       0x80 common/built-in.o
                0x00000000178189e0                image_multi_getimg
 .text.getenv_bootm_low
                0x0000000017818a60       0x30 common/built-in.o
                0x0000000017818a60                getenv_bootm_low
 .text.getenv_bootm_size
                0x0000000017818a90       0x68 common/built-in.o
                0x0000000017818a90                getenv_bootm_size
 .text.getenv_bootm_mapsize
                0x0000000017818af8       0x30 common/built-in.o
                0x0000000017818af8                getenv_bootm_mapsize
 .text.memmove_wd
                0x0000000017818b28        0xc common/built-in.o
                0x0000000017818b28                memmove_wd
 .text.genimg_print_size
                0x0000000017818b34       0x30 common/built-in.o
                0x0000000017818b34                genimg_print_size
 .text.get_table_entry
                0x0000000017818b64       0x24 common/built-in.o
                0x0000000017818b64                get_table_entry
 .text.get_table_entry_name
                0x0000000017818b88       0x20 common/built-in.o
                0x0000000017818b88                get_table_entry_name
 .text.genimg_get_os_name
                0x0000000017818ba8       0x18 common/built-in.o
                0x0000000017818ba8                genimg_get_os_name
 .text.genimg_get_arch_name
                0x0000000017818bc0       0x18 common/built-in.o
                0x0000000017818bc0                genimg_get_arch_name
 .text.genimg_get_type_name
                0x0000000017818bd8       0x18 common/built-in.o
                0x0000000017818bd8                genimg_get_type_name
 .text.genimg_get_comp_name
                0x0000000017818bf0       0x18 common/built-in.o
                0x0000000017818bf0                genimg_get_comp_name
 .text.image_print_contents
                0x0000000017818c08      0x174 common/built-in.o
                0x0000000017818c08                image_print_contents
 .text.genimg_get_kernel_addr_fit
                0x0000000017818d7c       0x24 common/built-in.o
                0x0000000017818d7c                genimg_get_kernel_addr_fit
 .text.genimg_get_format
                0x0000000017818da0       0x50 common/built-in.o
                0x0000000017818da0                genimg_get_format
 .text.genimg_get_image
                0x0000000017818df0        0x4 common/built-in.o
                0x0000000017818df0                genimg_get_image
 .text.genimg_has_config
                0x0000000017818df4        0x8 common/built-in.o
                0x0000000017818df4                genimg_has_config
 .text.boot_get_ramdisk
                0x0000000017818dfc      0x2bc common/built-in.o
                0x0000000017818dfc                boot_get_ramdisk
 .text.boot_ramdisk_high
                0x00000000178190b8      0x138 common/built-in.o
                0x00000000178190b8                boot_ramdisk_high
 .text.boot_get_setup
                0x00000000178191f0        0x8 common/built-in.o
                0x00000000178191f0                boot_get_setup
 .text.image_setup_linux
                0x00000000178191f8       0x8c common/built-in.o
                0x00000000178191f8                image_setup_linux
 .text.android_image_get_kernel
                0x0000000017819284      0x164 common/built-in.o
                0x0000000017819284                android_image_get_kernel
 .text.android_image_check_header
                0x00000000178193e8       0x14 common/built-in.o
                0x00000000178193e8                android_image_check_header
 .text.android_image_get_end
                0x00000000178193fc       0x4c common/built-in.o
                0x00000000178193fc                android_image_get_end
 .text.android_image_get_kload
                0x0000000017819448       0x20 common/built-in.o
                0x0000000017819448                android_image_get_kload
 .text.android_image_get_ramdisk
                0x0000000017819468       0x7c common/built-in.o
                0x0000000017819468                android_image_get_ramdisk
 .text.fdt_error
                0x00000000178194e4       0x2c common/built-in.o
 .text.boot_fdt_add_mem_rsv_regions
                0x0000000017819510       0x88 common/built-in.o
                0x0000000017819510                boot_fdt_add_mem_rsv_regions
 .text.boot_relocate_fdt
                0x0000000017819598      0x194 common/built-in.o
                0x0000000017819598                boot_relocate_fdt
 .text.boot_get_fdt
                0x000000001781972c      0x2b8 common/built-in.o
                0x000000001781972c                boot_get_fdt
 .text.ft_verify_fdt
                0x00000000178199e4        0x8 common/built-in.o
                0x00000000178199e4                ft_verify_fdt
 .text.image_setup_libfdt
                0x00000000178199ec      0x100 common/built-in.o
                0x00000000178199ec                image_setup_libfdt
 .text.get_effective_memsize
                0x0000000017819aec        0x8 common/built-in.o
                0x0000000017819aec                get_effective_memsize
 .text.nulldev_putc
                0x0000000017819af4        0x4 common/built-in.o
 .text.nulldev_puts
                0x0000000017819af8        0x4 common/built-in.o
 .text.nulldev_input
                0x0000000017819afc        0x8 common/built-in.o
 .text.stdio_serial_tstc
                0x0000000017819b04        0x4 common/built-in.o
 .text.stdio_serial_getc
                0x0000000017819b08        0x4 common/built-in.o
 .text.stdio_serial_puts
                0x0000000017819b0c        0x8 common/built-in.o
 .text.stdio_serial_putc
                0x0000000017819b14        0x8 common/built-in.o
 .text.stdio_get_list
                0x0000000017819b1c        0xc common/built-in.o
                0x0000000017819b1c                stdio_get_list
 .text.stdio_get_by_name
                0x0000000017819b28       0x5c common/built-in.o
                0x0000000017819b28                stdio_get_by_name
 .text.stdio_clone
                0x0000000017819b84       0x38 common/built-in.o
                0x0000000017819b84                stdio_clone
 .text.stdio_register_dev
                0x0000000017819bbc       0x50 common/built-in.o
                0x0000000017819bbc                stdio_register_dev
 .text.stdio_register
                0x0000000017819c0c        0x8 common/built-in.o
                0x0000000017819c0c                stdio_register
 .text.stdio_init_tables
                0x0000000017819c14       0x1c common/built-in.o
                0x0000000017819c14                stdio_init_tables
 .text.stdio_add_devices
                0x0000000017819c30       0xd4 common/built-in.o
                0x0000000017819c30                stdio_add_devices
 .text.run_command
                0x0000000017819d04       0x10 common/built-in.o
                0x0000000017819d04                run_command
 .text.run_command_list
                0x0000000017819d14       0x7c common/built-in.o
                0x0000000017819d14                run_command_list
 .text.do_run   0x0000000017819d90       0x78 common/built-in.o
                0x0000000017819d90                do_run
 .text.cli_loop
                0x0000000017819e08        0xc common/built-in.o
                0x0000000017819e08                cli_loop
 .text.cli_init
                0x0000000017819e14        0x4 common/built-in.o
                0x0000000017819e14                cli_init
 .text.delete_char.part.0
                0x0000000017819e18       0xd0 common/built-in.o
 .text.cread_add_char
                0x0000000017819ee8       0xe8 common/built-in.o
 .text.cli_readline_into_buffer
                0x0000000017819fd0      0x9c4 common/built-in.o
                0x0000000017819fd0                cli_readline_into_buffer
 .text.cli_readline
                0x000000001781a994       0x14 common/built-in.o
                0x000000001781a994                cli_readline
 .text.find_cmd_tbl
                0x000000001781a9a8       0xa4 common/built-in.o
                0x000000001781a9a8                find_cmd_tbl
 .text.find_cmd
                0x000000001781aa4c       0x28 common/built-in.o
                0x000000001781aa4c                find_cmd
 .text.cmd_usage
                0x000000001781aa74       0x5c common/built-in.o
                0x000000001781aa74                cmd_usage
 .text._do_help
                0x000000001781aad0      0x180 common/built-in.o
                0x000000001781aad0                _do_help
 .text.var_complete
                0x000000001781ac50       0x7c common/built-in.o
                0x000000001781ac50                var_complete
 .text.cmd_auto_complete
                0x000000001781accc      0x4b4 common/built-in.o
                0x000000001781accc                cmd_auto_complete
 .text.cmd_get_data_size
                0x000000001781b180       0x5c common/built-in.o
                0x000000001781b180                cmd_get_data_size
 .text.cmd_process
                0x000000001781b1dc       0xf4 common/built-in.o
                0x000000001781b1dc                cmd_process
 .text.cmd_process_error
                0x000000001781b2d0       0x34 common/built-in.o
                0x000000001781b2d0                cmd_process_error
 .text.hex1_bin
                0x000000001781b304       0x40 common/built-in.o
 .text.hex2_bin
                0x000000001781b344       0x38 common/built-in.o
 .text.srec_decode
                0x000000001781b37c      0x254 common/built-in.o
                0x000000001781b37c                srec_decode
 .text.CYGACC_COMM_IF_GETC_TIMEOUT.isra.0
                0x000000001781b5d0       0x5c common/built-in.o
 .text.xyzModem_flush
                0x000000001781b62c       0x1c common/built-in.o
 .text.xyzModem_get_hdr
                0x000000001781b648      0x230 common/built-in.o
 .text.xyzModem_stream_open
                0x000000001781b878      0x23c common/built-in.o
                0x000000001781b878                xyzModem_stream_open
 .text.xyzModem_stream_read
                0x000000001781bab4      0x258 common/built-in.o
                0x000000001781bab4                xyzModem_stream_read
 .text.xyzModem_stream_close
                0x000000001781bd0c       0x54 common/built-in.o
                0x000000001781bd0c                xyzModem_stream_close
 .text.xyzModem_stream_terminate
                0x000000001781bd60       0x94 common/built-in.o
                0x000000001781bd60                xyzModem_stream_terminate
 .text.xyzModem_error
                0x000000001781bdf4       0x20 common/built-in.o
                0x000000001781bdf4                xyzModem_error
 .text.get_dev_hwpart
                0x000000001781be14       0xb0 disk/built-in.o
 .text.dev_print
                0x000000001781bec4      0x204 disk/built-in.o
                0x000000001781bec4                dev_print
 .text.init_part
                0x000000001781c0c8       0x20 disk/built-in.o
                0x000000001781c0c8                init_part
 .text.print_part
                0x000000001781c0e8       0xf4 disk/built-in.o
                0x000000001781c0e8                print_part
 .text.get_partition_info
                0x000000001781c1dc       0x2c disk/built-in.o
                0x000000001781c1dc                get_partition_info
 .text.get_device
                0x000000001781c208      0x128 disk/built-in.o
                0x000000001781c208                get_device
 .text.get_device_and_partition
                0x000000001781c330      0x3fc disk/built-in.o
                0x000000001781c330                get_device_and_partition
 .text.test_block_type
                0x000000001781c72c       0x84 disk/built-in.o
 .text.print_partition_extended
                0x000000001781c7b0      0x274 disk/built-in.o
 .text.get_partition_info_extended.constprop.2
                0x000000001781ca24      0x2d0 disk/built-in.o
 .text.test_part_dos
                0x000000001781ccf4       0x60 disk/built-in.o
                0x000000001781ccf4                test_part_dos
 .text.print_part_dos
                0x000000001781cd54       0x34 disk/built-in.o
                0x000000001781cd54                print_part_dos
 .text.get_partition_info_dos
                0x000000001781cd88       0x20 disk/built-in.o
                0x000000001781cd88                get_partition_info_dos
 .text.alloc_priv
                0x000000001781cda8       0x4c drivers/built-in.o
 .text.device_bind
                0x000000001781cdf4      0x304 drivers/built-in.o
                0x000000001781cdf4                device_bind
 .text.device_bind_by_name
                0x000000001781d0f8       0x5c drivers/built-in.o
                0x000000001781d0f8                device_bind_by_name
 .text.device_probe
                0x000000001781d154      0x234 drivers/built-in.o
                0x000000001781d154                device_probe
 .text.dev_get_platdata
                0x000000001781d388       0x34 drivers/built-in.o
                0x000000001781d388                dev_get_platdata
 .text.dev_get_priv
                0x000000001781d3bc       0x34 drivers/built-in.o
                0x000000001781d3bc                dev_get_priv
 .text.lists_driver_lookup_name
                0x000000001781d3f0       0x4c drivers/built-in.o
                0x000000001781d3f0                lists_driver_lookup_name
 .text.lists_uclass_lookup
                0x000000001781d43c       0x3c drivers/built-in.o
                0x000000001781d43c                lists_uclass_lookup
 .text.lists_bind_drivers
                0x000000001781d478       0x88 drivers/built-in.o
                0x000000001781d478                lists_bind_drivers
 .text.dm_root  0x000000001781d500       0x28 drivers/built-in.o
                0x000000001781d500                dm_root
 .text.dm_init  0x000000001781d528       0x58 drivers/built-in.o
                0x000000001781d528                dm_init
 .text.dm_scan_platdata
                0x000000001781d580       0x2c drivers/built-in.o
                0x000000001781d580                dm_scan_platdata
 .text.dm_scan_other
                0x000000001781d5ac        0x8 drivers/built-in.o
                0x000000001781d5ac                dm_scan_other
 .text.dm_init_and_scan
                0x000000001781d5b4       0x30 drivers/built-in.o
                0x000000001781d5b4                dm_init_and_scan
 .text.uclass_find
                0x000000001781d5e4       0x4c drivers/built-in.o
                0x000000001781d5e4                uclass_find
 .text.uclass_get
                0x000000001781d630      0x124 drivers/built-in.o
                0x000000001781d630                uclass_get
 .text.uclass_find_device
                0x000000001781d754       0x74 drivers/built-in.o
                0x000000001781d754                uclass_find_device
 .text.uclass_find_device_by_seq
                0x000000001781d7c8       0x7c drivers/built-in.o
                0x000000001781d7c8                uclass_find_device_by_seq
 .text.uclass_get_device_tail
                0x000000001781d844       0x2c drivers/built-in.o
                0x000000001781d844                uclass_get_device_tail
 .text.uclass_get_device
                0x000000001781d870       0x30 drivers/built-in.o
                0x000000001781d870                uclass_get_device
 .text.uclass_bind_device
                0x000000001781d8a0       0x7c drivers/built-in.o
                0x000000001781d8a0                uclass_bind_device
 .text.uclass_unbind_device
                0x000000001781d91c       0x50 drivers/built-in.o
                0x000000001781d91c                uclass_unbind_device
 .text.uclass_resolve_seq
                0x000000001781d96c       0xb0 drivers/built-in.o
                0x000000001781d96c                uclass_resolve_seq
 .text.uclass_pre_probe_device
                0x000000001781da1c       0x64 drivers/built-in.o
                0x000000001781da1c                uclass_pre_probe_device
 .text.uclass_post_probe_device
                0x000000001781da80       0x20 drivers/built-in.o
                0x000000001781da80                uclass_post_probe_device
 .text.uclass_pre_remove_device
                0x000000001781daa0       0x20 drivers/built-in.o
                0x000000001781daa0                uclass_pre_remove_device
 .text.dm_warn  0x000000001781dac0       0x28 drivers/built-in.o
                0x000000001781dac0                dm_warn
 .text.device_free
                0x000000001781dae8       0x90 drivers/built-in.o
                0x000000001781dae8                device_free
 .text.device_remove
                0x000000001781db78      0x138 drivers/built-in.o
                0x000000001781db78                device_remove
 .text.show_devices
                0x000000001781dcb0       0xfc drivers/built-in.o
 .text.dm_dump_all
                0x000000001781ddac       0x3c drivers/built-in.o
                0x000000001781ddac                dm_dump_all
 .text.dm_dump_uclass
                0x000000001781dde8       0xdc drivers/built-in.o
                0x000000001781dde8                dm_dump_uclass
 .text.finish_access
                0x000000001781dec4       0x2c drivers/built-in.o
 .text.prepare_access
                0x000000001781def0       0x8c drivers/built-in.o
 .text.set_timing
                0x000000001781df7c       0xb8 drivers/built-in.o
 .text.fuse_bank_physical
                0x000000001781e034       0x64 drivers/built-in.o
                0x000000001781e034                fuse_bank_physical
 .text.fuse_read
                0x000000001781e098       0x74 drivers/built-in.o
                0x000000001781e098                fuse_read
 .text.fuse_sense
                0x000000001781e10c       0xac drivers/built-in.o
                0x000000001781e10c                fuse_sense
 .text.fuse_prog
                0x000000001781e1b8       0xa8 drivers/built-in.o
                0x000000001781e1b8                fuse_prog
 .text.fuse_override
                0x000000001781e260       0x6c drivers/built-in.o
                0x000000001781e260                fuse_override
 .text.dfu_write_buffer_drain
                0x000000001781e2cc       0xa8 drivers/built-in.o
 .text.dfu_free_buf
                0x000000001781e374       0x20 drivers/built-in.o
                0x000000001781e374                dfu_free_buf
 .text.dfu_get_buf_size
                0x000000001781e394       0x10 drivers/built-in.o
                0x000000001781e394                dfu_get_buf_size
 .text.dfu_get_buf
                0x000000001781e3a4       0xb8 drivers/built-in.o
                0x000000001781e3a4                dfu_get_buf
 .text.dfu_write_transaction_cleanup
                0x000000001781e45c       0x44 drivers/built-in.o
                0x000000001781e45c                dfu_write_transaction_cleanup
 .text.dfu_flush
                0x000000001781e4a0       0x64 drivers/built-in.o
                0x000000001781e4a0                dfu_flush
 .text.dfu_write
                0x000000001781e504      0x184 drivers/built-in.o
                0x000000001781e504                dfu_write
 .text.dfu_read
                0x000000001781e688      0x274 drivers/built-in.o
                0x000000001781e688                dfu_read
 .text.dfu_free_entities
                0x000000001781e8fc       0x9c drivers/built-in.o
                0x000000001781e8fc                dfu_free_entities
 .text.dfu_config_entities
                0x000000001781e998      0x270 drivers/built-in.o
                0x000000001781e998                dfu_config_entities
 .text.dfu_init_env_entities
                0x000000001781ec08       0x90 drivers/built-in.o
                0x000000001781ec08                dfu_init_env_entities
 .text.dfu_get_dev_type
                0x000000001781ec98       0x3c drivers/built-in.o
                0x000000001781ec98                dfu_get_dev_type
 .text.dfu_get_layout
                0x000000001781ecd4       0x3c drivers/built-in.o
                0x000000001781ecd4                dfu_get_layout
 .text.dfu_show_entities
                0x000000001781ed10       0x74 drivers/built-in.o
                0x000000001781ed10                dfu_show_entities
 .text.dfu_get_alt_number
                0x000000001781ed84       0x10 drivers/built-in.o
                0x000000001781ed84                dfu_get_alt_number
 .text.dfu_get_entity
                0x000000001781ed94       0x40 drivers/built-in.o
                0x000000001781ed94                dfu_get_entity
 .text.mmc_block_op
                0x000000001781edd4      0x1e0 drivers/built-in.o
 .text.mmc_file_op
                0x000000001781efb4      0x19c drivers/built-in.o
 .text.dfu_free_entity_mmc
                0x000000001781f150       0x28 drivers/built-in.o
                0x000000001781f150                dfu_free_entity_mmc
 .text.dfu_write_medium_mmc
                0x000000001781f178       0xb8 drivers/built-in.o
                0x000000001781f178                dfu_write_medium_mmc
 .text.dfu_flush_medium_mmc
                0x000000001781f230       0x48 drivers/built-in.o
                0x000000001781f230                dfu_flush_medium_mmc
 .text.dfu_get_medium_size_mmc
                0x000000001781f278       0x90 drivers/built-in.o
                0x000000001781f278                dfu_get_medium_size_mmc
 .text.dfu_read_medium_mmc
                0x000000001781f308       0xe4 drivers/built-in.o
                0x000000001781f308                dfu_read_medium_mmc
 .text.dfu_fill_entity_mmc
                0x000000001781f3ec      0x314 drivers/built-in.o
                0x000000001781f3ec                dfu_fill_entity_mmc
 .text.dfu_get_medium_size_sf
                0x000000001781f700        0x8 drivers/built-in.o
 .text.dfu_read_medium_sf
                0x000000001781f708       0x1c drivers/built-in.o
 .text.dfu_flush_medium_sf
                0x000000001781f724        0x8 drivers/built-in.o
 .text.dfu_polltimeout_sf
                0x000000001781f72c        0x8 drivers/built-in.o
 .text.dfu_free_entity_sf
                0x000000001781f734        0x8 drivers/built-in.o
 .text.dfu_write_medium_sf
                0x000000001781f73c       0x9c drivers/built-in.o
 .text.dfu_fill_entity_sf
                0x000000001781f7d8      0x2f8 drivers/built-in.o
                0x000000001781f7d8                dfu_fill_entity_sf
 .text.video_drawchars
                0x000000001781fad0      0x44c drivers/built-in.o
 .text.draw_bitmap
                0x000000001781ff1c       0xdc drivers/built-in.o
 .text.console_newline.constprop.1
                0x000000001781fff8       0xe0 drivers/built-in.o
 .text.video_putc
                0x00000000178200d8      0x194 drivers/built-in.o
 .text.video_puts
                0x000000001782026c       0x7c drivers/built-in.o
 .text.board_cfb_skip
                0x00000000178202e8        0x8 drivers/built-in.o
                0x00000000178202e8                board_cfb_skip
 .text.video_set_lut
                0x00000000178202f0        0x4 drivers/built-in.o
                0x00000000178202f0                video_set_lut
 .text.display_rle8_bitmap
                0x00000000178202f4      0x374 drivers/built-in.o
 .text.plot_logo_or_black
                0x0000000017820668      0x258 drivers/built-in.o
 .text.do_clrlogo
                0x00000000178208c0       0x44 drivers/built-in.o
 .text.video_display_bitmap
                0x0000000017820904      0x988 drivers/built-in.o
                0x0000000017820904                video_display_bitmap
 .text.video_clear
                0x000000001782128c       0x54 drivers/built-in.o