f_dfu.c:220:13:handle_getstate	0	static
f_dfu.c:770:12:dfu_set_alt	0	static
f_dfu.c:783:12:__dfu_get_alt	0	static
f_dfu.c:791:13:dfu_disable	0	static
f_dfu.c:829:5:dfu_add	16	static
f_dfu.c:598:1:dfu_handle	24	static
f_dfu.c:167:13:dnload_request_flush	16	static
f_dfu.c:154:13:dnload_request_complete	16	static
f_dfu.c:744:13:dfu_unbind	24	static
f_dfu.c:703:12:dfu_bind	32	static
f_dfu.c:243:12:handle_upload.isra.5	16	static
f_dfu.c:186:13:handle_getstatus	24	static
f_dfu.c:553:12:state_dfu_error	8	static
f_dfu.c:460:12:state_dfu_manifest_sync	16	static
f_dfu.c:425:12:state_dfu_dnload_idle	8	static
f_dfu.c:404:12:state_dfu_dnbusy	8	static
f_dfu.c:380:12:state_dfu_dnload_sync	8	static
f_dfu.c:295:12:state_app_detach	8	static
f_dfu.c:267:12:state_app_idle	8	static
f_dfu.c:515:12:state_dfu_upload_idle	16	static
f_dfu.c:488:12:state_dfu_manifest	8	static
f_dfu.c:319:12:state_dfu_idle	8	static
