f_fastboot.c:422:21:rx_bytes_expected	16	static
f_fastboot.c:213:28:fastboot_start_ep	16	static
f_fastboot.c:189:13:fastboot_unbind	0	static
f_fastboot.c:288:12:fastboot_add	16	static
f_fastboot.c:194:13:fastboot_disable	8	static
f_fastboot.c:143:13:fastboot_complete	0	static
f_fastboot.c:545:13:do_exit_on_complete	0	static
f_fastboot.c:525:13:do_bootm_on_complete	32	static
f_fastboot.c:343:13:compl_do_reset	0	static
f_fastboot.c:366:12:strcmp_l1	16	static
f_fastboot.c:338:12:fastboot_tx_write_str	24	static
f_fastboot.c:669:13:rx_handler_command	40	static
f_fastboot.c:585:13:cb_oem	8	static
f_fastboot.c:550:13:cb_continue	0	static
f_fastboot.c:539:13:cb_boot	0	static
f_fastboot.c:496:13:cb_download	96	static
f_fastboot.c:440:13:rx_handler_dl_image	96	static
f_fastboot.c:373:13:cb_getvar	104	static
f_fastboot.c:151:12:fastboot_bind	24	static
f_fastboot.c:232:12:fastboot_set_alt	16	static
f_fastboot.c:131:6:fastboot_fail	16	static
f_fastboot.c:137:6:fastboot_okay	16	static
f_fastboot.c:348:12:fb_set_reboot_flag	0	static
f_fastboot.c:353:13:cb_reboot	8	static
