nvedit.c:782:12:do_env_delete	24	static
nvedit.c:1097:12:do_env_exists	48	static
nvedit.c:705:12:do_env_save	8	static
nvedit.c:1160:12:do_env	24	static
nvedit.c:84:12:env_print	56	static
nvedit.c:115:12:do_env_print	24	static
nvedit.c:984:12:do_env_import	56	static
nvedit.c:745:12:do_env_default	8	static
nvedit.c:212:12:_do_env_set.isra.1	72	static
nvedit.c:345:12:do_env_set	0	static
nvedit.c:73:5:get_env_id	0	static
nvedit.c:285:5:setenv	24	static
nvedit.c:306:5:setenv_ulong	8	static
nvedit.c:321:5:setenv_hex	32	static
nvedit.c:863:12:do_env_export	96	static
nvedit.c:729:5:envmatch	24	static
nvedit.c:648:5:getenv_f	32	static
nvedit.c:624:7:getenv	48	static
nvedit.c:329:7:getenv_hex	24	static
nvedit.c:692:7:getenv_ulong	16	static
nvedit.c:582:12:do_env_edit.part.3	544	static
nvedit.c:582:12:do_env_edit	0	static
